// Jest Snapshot v1, https://goo.gl/fbAQLP

exports[`newcardform will match the newcardform Snapshot 1`] = `
ShallowWrapper {
  Symbol(enzyme.__root__): [Circular],
  Symbol(enzyme.__unrendered__): <NewCardForm
    addCardCallback={[Function]}
  />,
  Symbol(enzyme.__renderer__): Object {
    "batchedUpdates": [Function],
    "getNode": [Function],
    "render": [Function],
    "simulateError": [Function],
    "simulateEvent": [Function],
    "unmount": [Function],
  },
  Symbol(enzyme.__node__): Object {
    "instance": null,
    "key": undefined,
    "nodeType": "host",
    "props": Object {
      "children": Array [
        <div>
          <label
            className="new-card-form__form-label"
            htmlFor="text"
          >
            Text
          </label>
          <input
            name="text"
            onChange={[Function]}
            value=""
          />
        </div>,
        <div>
          <label
            className="new-card-form__form-label "
            htmlFor="emoji"
          >
            Emoji
          </label>
          <input
            name="emoji"
            onChange={[Function]}
            value=""
          />
        </div>,
        <input
          className="new-card-form__form-button "
          name="submit"
          type="submit"
          value="Add a Card"
        />,
      ],
      "className": "new-card-form",
      "id": "new-card-form",
      "name": "new-card-form",
      "onSubmit": [Function],
    },
    "ref": null,
    "rendered": Array [
      Object {
        "instance": null,
        "key": undefined,
        "nodeType": "host",
        "props": Object {
          "children": Array [
            <label
              className="new-card-form__form-label"
              htmlFor="text"
            >
              Text
            </label>,
            <input
              name="text"
              onChange={[Function]}
              value=""
            />,
          ],
        },
        "ref": null,
        "rendered": Array [
          Object {
            "instance": null,
            "key": undefined,
            "nodeType": "host",
            "props": Object {
              "children": "Text",
              "className": "new-card-form__form-label",
              "htmlFor": "text",
            },
            "ref": null,
            "rendered": "Text",
            "type": "label",
          },
          Object {
            "instance": null,
            "key": undefined,
            "nodeType": "host",
            "props": Object {
              "name": "text",
              "onChange": [Function],
              "value": "",
            },
            "ref": null,
            "rendered": null,
            "type": "input",
          },
        ],
        "type": "div",
      },
      Object {
        "instance": null,
        "key": undefined,
        "nodeType": "host",
        "props": Object {
          "children": Array [
            <label
              className="new-card-form__form-label "
              htmlFor="emoji"
            >
              Emoji
            </label>,
            <input
              name="emoji"
              onChange={[Function]}
              value=""
            />,
          ],
        },
        "ref": null,
        "rendered": Array [
          Object {
            "instance": null,
            "key": undefined,
            "nodeType": "host",
            "props": Object {
              "children": "Emoji",
              "className": "new-card-form__form-label ",
              "htmlFor": "emoji",
            },
            "ref": null,
            "rendered": "Emoji",
            "type": "label",
          },
          Object {
            "instance": null,
            "key": undefined,
            "nodeType": "host",
            "props": Object {
              "name": "emoji",
              "onChange": [Function],
              "value": "",
            },
            "ref": null,
            "rendered": null,
            "type": "input",
          },
        ],
        "type": "div",
      },
      Object {
        "instance": null,
        "key": undefined,
        "nodeType": "host",
        "props": Object {
          "className": "new-card-form__form-button ",
          "name": "submit",
          "type": "submit",
          "value": "Add a Card",
        },
        "ref": null,
        "rendered": null,
        "type": "input",
      },
    ],
    "type": "form",
  },
  Symbol(enzyme.__nodes__): Array [
    Object {
      "instance": null,
      "key": undefined,
      "nodeType": "host",
      "props": Object {
        "children": Array [
          <div>
            <label
              className="new-card-form__form-label"
              htmlFor="text"
            >
              Text
            </label>
            <input
              name="text"
              onChange={[Function]}
              value=""
            />
          </div>,
          <div>
            <label
              className="new-card-form__form-label "
              htmlFor="emoji"
            >
              Emoji
            </label>
            <input
              name="emoji"
              onChange={[Function]}
              value=""
            />
          </div>,
          <input
            className="new-card-form__form-button "
            name="submit"
            type="submit"
            value="Add a Card"
          />,
        ],
        "className": "new-card-form",
        "id": "new-card-form",
        "name": "new-card-form",
        "onSubmit": [Function],
      },
      "ref": null,
      "rendered": Array [
        Object {
          "instance": null,
          "key": undefined,
          "nodeType": "host",
          "props": Object {
            "children": Array [
              <label
                className="new-card-form__form-label"
                htmlFor="text"
              >
                Text
              </label>,
              <input
                name="text"
                onChange={[Function]}
                value=""
              />,
            ],
          },
          "ref": null,
          "rendered": Array [
            Object {
              "instance": null,
              "key": undefined,
              "nodeType": "host",
              "props": Object {
                "children": "Text",
                "className": "new-card-form__form-label",
                "htmlFor": "text",
              },
              "ref": null,
              "rendered": "Text",
              "type": "label",
            },
            Object {
              "instance": null,
              "key": undefined,
              "nodeType": "host",
              "props": Object {
                "name": "text",
                "onChange": [Function],
                "value": "",
              },
              "ref": null,
              "rendered": null,
              "type": "input",
            },
          ],
          "type": "div",
        },
        Object {
          "instance": null,
          "key": undefined,
          "nodeType": "host",
          "props": Object {
            "children": Array [
              <label
                className="new-card-form__form-label "
                htmlFor="emoji"
              >
                Emoji
              </label>,
              <input
                name="emoji"
                onChange={[Function]}
                value=""
              />,
            ],
          },
          "ref": null,
          "rendered": Array [
            Object {
              "instance": null,
              "key": undefined,
              "nodeType": "host",
              "props": Object {
                "children": "Emoji",
                "className": "new-card-form__form-label ",
                "htmlFor": "emoji",
              },
              "ref": null,
              "rendered": "Emoji",
              "type": "label",
            },
            Object {
              "instance": null,
              "key": undefined,
              "nodeType": "host",
              "props": Object {
                "name": "emoji",
                "onChange": [Function],
                "value": "",
              },
              "ref": null,
              "rendered": null,
              "type": "input",
            },
          ],
          "type": "div",
        },
        Object {
          "instance": null,
          "key": undefined,
          "nodeType": "host",
          "props": Object {
            "className": "new-card-form__form-button ",
            "name": "submit",
            "type": "submit",
            "value": "Add a Card",
          },
          "ref": null,
          "rendered": null,
          "type": "input",
        },
      ],
      "type": "form",
    },
  ],
  Symbol(enzyme.__options__): Object {
    "adapter": ReactSixteenAdapter {
      "options": Object {
        "enableComponentDidUpdateOnSetState": true,
        "lifecycles": Object {
          "componentDidUpdate": Object {
            "onSetState": true,
          },
          "getDerivedStateFromProps": true,
          "getSnapshotBeforeUpdate": true,
          "setState": Object {
            "skipsComponentDidUpdateOnNullish": true,
          },
        },
      },
    },
  },
}
`;
