// Jest Snapshot v1, https://goo.gl/fbAQLP

exports[`matches the snapshot 1`] = `
ShallowWrapper {
  Symbol(enzyme.__root__): [Circular],
  Symbol(enzyme.__unrendered__): <App />,
  Symbol(enzyme.__renderer__): Object {
    "batchedUpdates": [Function],
    "getNode": [Function],
    "render": [Function],
    "simulateError": [Function],
    "simulateEvent": [Function],
    "unmount": [Function],
  },
  Symbol(enzyme.__node__): Object {
    "instance": null,
    "key": undefined,
    "nodeType": "host",
    "props": Object {
      "children": Array [
        <header
          className="header"
        >
          <h1
            className="header__h1"
          >
            <span
              className="header__text"
            >
              Inspiration Board
            </span>
          </h1>
        </header>,
        <Board
          boardName="Jessie Zhang"
          url="https://inspiration-board.herokuapp.com/boards/"
        />,
      ],
    },
    "ref": null,
    "rendered": Array [
      Object {
        "instance": null,
        "key": undefined,
        "nodeType": "host",
        "props": Object {
          "children": <h1
            className="header__h1"
          >
            <span
              className="header__text"
            >
              Inspiration Board
            </span>
          </h1>,
          "className": "header",
        },
        "ref": null,
        "rendered": Object {
          "instance": null,
          "key": undefined,
          "nodeType": "host",
          "props": Object {
            "children": <span
              className="header__text"
            >
              Inspiration Board
            </span>,
            "className": "header__h1",
          },
          "ref": null,
          "rendered": Object {
            "instance": null,
            "key": undefined,
            "nodeType": "host",
            "props": Object {
              "children": "Inspiration Board",
              "className": "header__text",
            },
            "ref": null,
            "rendered": "Inspiration Board",
            "type": "span",
          },
          "type": "h1",
        },
        "type": "header",
      },
      Object {
        "instance": null,
        "key": undefined,
        "nodeType": "class",
        "props": Object {
          "boardName": "Jessie Zhang",
          "url": "https://inspiration-board.herokuapp.com/boards/",
        },
        "ref": null,
        "rendered": null,
        "type": [Function],
      },
    ],
    "type": "section",
  },
  Symbol(enzyme.__nodes__): Array [
    Object {
      "instance": null,
      "key": undefined,
      "nodeType": "host",
      "props": Object {
        "children": Array [
          <header
            className="header"
          >
            <h1
              className="header__h1"
            >
              <span
                className="header__text"
              >
                Inspiration Board
              </span>
            </h1>
          </header>,
          <Board
            boardName="Jessie Zhang"
            url="https://inspiration-board.herokuapp.com/boards/"
          />,
        ],
      },
      "ref": null,
      "rendered": Array [
        Object {
          "instance": null,
          "key": undefined,
          "nodeType": "host",
          "props": Object {
            "children": <h1
              className="header__h1"
            >
              <span
                className="header__text"
              >
                Inspiration Board
              </span>
            </h1>,
            "className": "header",
          },
          "ref": null,
          "rendered": Object {
            "instance": null,
            "key": undefined,
            "nodeType": "host",
            "props": Object {
              "children": <span
                className="header__text"
              >
                Inspiration Board
              </span>,
              "className": "header__h1",
            },
            "ref": null,
            "rendered": Object {
              "instance": null,
              "key": undefined,
              "nodeType": "host",
              "props": Object {
                "children": "Inspiration Board",
                "className": "header__text",
              },
              "ref": null,
              "rendered": "Inspiration Board",
              "type": "span",
            },
            "type": "h1",
          },
          "type": "header",
        },
        Object {
          "instance": null,
          "key": undefined,
          "nodeType": "class",
          "props": Object {
            "boardName": "Jessie Zhang",
            "url": "https://inspiration-board.herokuapp.com/boards/",
          },
          "ref": null,
          "rendered": null,
          "type": [Function],
        },
      ],
      "type": "section",
    },
  ],
  Symbol(enzyme.__options__): Object {
    "adapter": ReactSixteenAdapter {
      "options": Object {
        "enableComponentDidUpdateOnSetState": true,
        "lifecycles": Object {
          "componentDidUpdate": Object {
            "onSetState": true,
          },
          "getDerivedStateFromProps": true,
          "getSnapshotBeforeUpdate": true,
          "setState": Object {
            "skipsComponentDidUpdateOnNullish": true,
          },
        },
      },
    },
  },
}
`;
